[==========] Running 8 tests from 1 test case.
[----------] Global test environment set-up.
[----------] 8 tests from FractionTests
[ RUN      ] FractionTests.add
[       OK ] FractionTests.add (0 ms)
[ RUN      ] FractionTests.subtract
[       OK ] FractionTests.subtract (0 ms)
[ RUN      ] FractionTests.multiply
[       OK ] FractionTests.multiply (0 ms)
[ RUN      ] FractionTests.divide
[       OK ] FractionTests.divide (0 ms)
[ RUN      ] FractionTests.equal
[       OK ] FractionTests.equal (0 ms)
[ RUN      ] FractionTests.lt
[       OK ] FractionTests.lt (0 ms)
[ RUN      ] FractionTests.gt
[       OK ] FractionTests.gt (0 ms)
[ RUN      ] FractionTests.div_by_zero
[       OK ] FractionTests.div_by_zero (0 ms)
[----------] 8 tests from FractionTests (0 ms total)

[----------] Global test environment tear-down
[==========] 8 tests from 1 test case ran. (0 ms total)
[  PASSED  ] 8 tests.
